// Vitest Snapshot v1, https://vitest.dev/guide/snapshot.html

exports[`parser 1`] = `
{
  "css": undefined,
  "html": {
    "children": [
      {
        "data": "
",
        "end": 1,
        "raw": "
",
        "start": 0,
        "type": "Text",
      },
      {
        "data": "

",
        "end": 84,
        "raw": "

",
        "start": 82,
        "type": "Text",
      },
      {
        "attributes": [
          {
            "end": 112,
            "expression": Node {
              "end": 111,
              "loc": SourceLocation {
                "end": Position {
                  "column": 27,
                  "line": 9,
                },
                "start": Position {
                  "column": 18,
                  "line": 9,
                },
              },
              "name": "increment",
              "start": 102,
              "type": "Identifier",
            },
            "modifiers": [],
            "name": "click",
            "start": 92,
            "type": "EventHandler",
          },
        ],
        "children": [
          {
            "data": "
  count is ",
            "end": 125,
            "raw": "
  count is ",
            "start": 113,
            "type": "Text",
          },
          {
            "end": 132,
            "expression": Node {
              "end": 131,
              "loc": SourceLocation {
                "end": Position {
                  "column": 17,
                  "line": 10,
                },
                "start": Position {
                  "column": 12,
                  "line": 10,
                },
              },
              "name": "count",
              "start": 126,
              "type": "Identifier",
            },
            "start": 125,
            "type": "MustacheTag",
          },
          {
            "data": "
",
            "end": 133,
            "raw": "
",
            "start": 132,
            "type": "Text",
          },
        ],
        "end": 142,
        "name": "button",
        "start": 84,
        "type": "Element",
      },
    ],
    "end": 142,
    "start": 1,
    "type": "Fragment",
  },
  "instance": {
    "attributes": [],
    "content": Node {
      "comments": [],
      "end": 73,
      "errors": [],
      "loc": SourceLocation {
        "end": Position {
          "column": 0,
          "line": 7,
        },
        "filename": undefined,
        "identifierName": undefined,
        "start": Position {
          "column": 0,
          "line": 1,
        },
      },
      "program": Node {
        "body": [
          Node {
            "declarations": [
              Node {
                "end": 25,
                "id": Node {
                  "end": 21,
                  "loc": SourceLocation {
                    "end": Position {
                      "column": 11,
                      "line": 3,
                    },
                    "filename": undefined,
                    "identifierName": "count",
                    "start": Position {
                      "column": 6,
                      "line": 3,
                    },
                  },
                  "name": "count",
                  "start": 16,
                  "type": "Identifier",
                },
                "init": Node {
                  "end": 25,
                  "loc": SourceLocation {
                    "end": Position {
                      "column": 15,
                      "line": 3,
                    },
                    "filename": undefined,
                    "identifierName": undefined,
                    "start": Position {
                      "column": 14,
                      "line": 3,
                    },
                  },
                  "raw": "0",
                  "start": 24,
                  "type": "Literal",
                  "value": 0,
                },
                "loc": SourceLocation {
                  "end": Position {
                    "column": 15,
                    "line": 3,
                  },
                  "filename": undefined,
                  "identifierName": undefined,
                  "start": Position {
                    "column": 6,
                    "line": 3,
                  },
                },
                "start": 16,
                "type": "VariableDeclarator",
              },
            ],
            "end": 25,
            "kind": "let",
            "loc": SourceLocation {
              "end": Position {
                "column": 15,
                "line": 3,
              },
              "filename": undefined,
              "identifierName": undefined,
              "start": Position {
                "column": 2,
                "line": 3,
              },
            },
            "start": 12,
            "type": "VariableDeclaration",
          },
          Node {
            "declarations": [
              Node {
                "end": 72,
                "id": Node {
                  "end": 43,
                  "loc": SourceLocation {
                    "end": Position {
                      "column": 17,
                      "line": 4,
                    },
                    "filename": undefined,
                    "identifierName": "increment",
                    "start": Position {
                      "column": 8,
                      "line": 4,
                    },
                  },
                  "name": "increment",
                  "start": 34,
                  "type": "Identifier",
                },
                "init": Node {
                  "async": false,
                  "body": Node {
                    "body": [
                      Node {
                        "end": 68,
                        "expression": Node {
                          "end": 68,
                          "left": Node {
                            "end": 63,
                            "loc": SourceLocation {
                              "end": Position {
                                "column": 9,
                                "line": 5,
                              },
                              "filename": undefined,
                              "identifierName": "count",
                              "start": Position {
                                "column": 4,
                                "line": 5,
                              },
                            },
                            "name": "count",
                            "start": 58,
                            "type": "Identifier",
                          },
                          "loc": SourceLocation {
                            "end": Position {
                              "column": 14,
                              "line": 5,
                            },
                            "filename": undefined,
                            "identifierName": undefined,
                            "start": Position {
                              "column": 4,
                              "line": 5,
                            },
                          },
                          "operator": "+=",
                          "right": Node {
                            "end": 68,
                            "loc": SourceLocation {
                              "end": Position {
                                "column": 14,
                                "line": 5,
                              },
                              "filename": undefined,
                              "identifierName": undefined,
                              "start": Position {
                                "column": 13,
                                "line": 5,
                              },
                            },
                            "raw": "1",
                            "start": 67,
                            "type": "Literal",
                            "value": 1,
                          },
                          "start": 58,
                          "type": "AssignmentExpression",
                        },
                        "loc": SourceLocation {
                          "end": Position {
                            "column": 14,
                            "line": 5,
                          },
                          "filename": undefined,
                          "identifierName": undefined,
                          "start": Position {
                            "column": 4,
                            "line": 5,
                          },
                        },
                        "start": 58,
                        "type": "ExpressionStatement",
                      },
                    ],
                    "end": 72,
                    "loc": SourceLocation {
                      "end": Position {
                        "column": 3,
                        "line": 6,
                      },
                      "filename": undefined,
                      "identifierName": undefined,
                      "start": Position {
                        "column": 26,
                        "line": 4,
                      },
                    },
                    "start": 52,
                    "type": "BlockStatement",
                  },
                  "end": 72,
                  "expression": false,
                  "generator": false,
                  "id": null,
                  "loc": SourceLocation {
                    "end": Position {
                      "column": 3,
                      "line": 6,
                    },
                    "filename": undefined,
                    "identifierName": undefined,
                    "start": Position {
                      "column": 20,
                      "line": 4,
                    },
                  },
                  "params": [],
                  "start": 46,
                  "type": "ArrowFunctionExpression",
                },
                "loc": SourceLocation {
                  "end": Position {
                    "column": 3,
                    "line": 6,
                  },
                  "filename": undefined,
                  "identifierName": undefined,
                  "start": Position {
                    "column": 8,
                    "line": 4,
                  },
                },
                "start": 34,
                "type": "VariableDeclarator",
              },
            ],
            "end": 72,
            "kind": "const",
            "loc": SourceLocation {
              "end": Position {
                "column": 3,
                "line": 6,
              },
              "filename": undefined,
              "identifierName": undefined,
              "start": Position {
                "column": 2,
                "line": 4,
              },
            },
            "start": 28,
            "type": "VariableDeclaration",
          },
        ],
        "end": 73,
        "interpreter": null,
        "loc": SourceLocation {
          "end": Position {
            "column": 0,
            "line": 7,
          },
          "filename": undefined,
          "identifierName": undefined,
          "start": Position {
            "column": 0,
            "line": 1,
          },
        },
        "sourceType": "module",
        "start": 0,
        "type": "Program",
      },
      "start": 9,
      "type": "File",
    },
    "context": "default",
    "end": 82,
    "start": 1,
    "type": "Script",
  },
  "module": undefined,
}
`;

exports[`preprocess 1`] = `
{
  "code": "
<script>
import { onMount, computed, ref } from 'vue/vapor'
const count = ref(0)
onMount(() => {
  console.log('mounted')
})
const increment = computed(() => count.value + 1)
</script>

<button on:click={increment}>
  count is {count}
</button>
",
  "dependencies": [],
  "map": SourceMap {
    "ignoreList": [],
    "mappings": "",
    "names": [],
    "sourceRoot": undefined,
    "sources": [
      null,
    ],
    "version": 3,
  },
  "toString": [Function],
}
`;
