// Vitest Snapshot v1, https://vitest.dev/guide/snapshot.html

exports[`test transform 1`] = `
"let count = 0;
const increment = () => {
  count += 1;
};"
`;
