// Vitest Snapshot v1, https://vitest.dev/guide/snapshot.html

exports[`transformSvelteScript > MVP: counter case 1`] = `
"import { ref } from 'vue/vapor'

  let count = ref(0)
  const increment = () => {
    count.value += 1
  }
"
`;
