// Vitest Snapshot v1, https://vitest.dev/guide/snapshot.html

exports[`parse > script 1`] = `
"
  let count = 0
  const increment = () => {
    count += 1
  }
"
`;

exports[`parse > style 1`] = `
"
button {
  color: red;
}
"
`;

exports[`parse > template 1`] = `
"<button on:click={increment}>
  count is {count}
</button>"
`;
